adobe-source-han-sans-jp-fonts
adobe-source-han-sans-kr-fonts
ark
atool
base
base-devel
bat
bc
bibata-cursor-theme
blender
blueman
bluez-utils
brillo
btop
cliphist
ctags
dart-sass
dive
docker
docker-compose
dunst
editorconfig-core-c
efibootmgr
eww-tray-wayland-git
eza
fcitx5
fcitx5-qt
fd
ffmpegthumbnailer
firefox
fzf
gimp
git
git-delta
github-cli
gitoxide
glsl-language-server
glsl_analyzer-bin
gnome-disk-utility
gnome-font-viewer
grim
grub
highlight
hyprland
jaq
jq
kitty
kondo
krita
kvantum
lazygit
libinput-gestures
libreoffice-fresh
linux
linux-firmware
lldb
luarocks
lutris
man-db
man-pages
meson
ncdu
neofetch
network-manager-applet
networkmanager
nodejs
noto-fonts-emoji
npm
nushell
nwg-look
obsidian
orchis-theme
otf-font-awesome
pamixer
pandoc-cli
paru
pavucontrol
pipewire-pulse
python-dotenv
python-libevdev
python-pip
python-prompt_toolkit
python-pynvim
python-pytorch
python-pyudev
qogir-gtk-theme
qt5ct
qt6-scxml
qt6-svg
qt6ct
ranger
rar
ripgrep
rmlint
rofi
rsync
rustup
rygel
sddm-git
slurp
socat
starship
stow
sudo
swappy
swayidle
swaylock-effects-git
swww
tela-icon-theme
texlive-basic
thunderbird
tidal-hifi-bin
tlpui
tracker3-miners
tree-sitter
ttf-font-awesome
ttf-jetbrains-mono
ttf-jetbrains-mono-nerd
ttf-material-design-iconic-font
typescript
ueberzug
ufw
unibilium
unzip
valgrind
vcpkg
vencord-desktop-git
vlc
vulkan-extra-layers
vulkan-extra-tools
vulkan-html-docs
vulkan-tools
vulkan-utility-libraries
w3m
waybar-hyprland
wezterm
which
wine
wl-clipboard
wofi
xdg-desktop-portal-hyprland
xorg-server
xorg-xhost
xorg-xinit
xorg-xinput
xorg-xprop
xorg-xrandr
xorg-xset
xorg-xwayland
zathura
zathura-pdf-mupdf
zellij
zip
zsh
